Report time       : Sat Aug 15 22:46:13     2020.
Solution          : TestPattern.
Simulation tool   : xsim.

+----------+----------+-----------------------------------------------+-----------------------------------------------+
|          |          |                    Latency                    |                    Interval                   |
+   RTL    +  Status  +-----------------------------------------------+-----------------------------------------------+
|          |          |      min      |      avg      |      max      |      min      |      avg      |      max      |
+----------+----------+-----------------------------------------------+-----------------------------------------------+
|      VHDL|        NA|             NA|             NA|             NA|             NA|             NA|             NA|
|   Verilog|      Pass|        1232642|        1232642|        1232642|             NA|             NA|             NA|
+----------+----------+-----------------------------------------------+-----------------------------------------------+
