21:48:00 **** Build of configuration Debug for project SD_VGA ****
make pre-build main-build 
a9-linaro-pre-build-step
' '
'Building file: ../src/I2C_16bit.c'
'Invoking: ARM v7 gcc compiler'
arm-none-eabi-gcc -Wall -O0 -g3 -I"D:\BaiduNetdiskDownload\P10_SD_VGA_m\SD_VGA.sdk\CrossGCC_Lua\src" -c -fmessage-length=0 -MT"src/I2C_16bit.o" -mcpu=cortex-a9 -mfpu=vfpv3 -mfloat-abi=hard -I../../freertos901_xilinx_bsp_0/ps7_cortexa9_0/include -I"D:\BaiduNetdiskDownload\P10_SD_VGA_m\SD_VGA.sdk\CrossGCC_Lua\src" -MMD -MP -MF"src/I2C_16bit.d" -MT"src/I2C_16bit.o" -o "src/I2C_16bit.o" "../src/I2C_16bit.c"
'Finished building: ../src/I2C_16bit.c'
' '
'Building file: ../src/echo.c'
'Invoking: ARM v7 gcc compiler'
arm-none-eabi-gcc -Wall -O0 -g3 -I"D:\BaiduNetdiskDownload\P10_SD_VGA_m\SD_VGA.sdk\CrossGCC_Lua\src" -c -fmessage-length=0 -MT"src/echo.o" -mcpu=cortex-a9 -mfpu=vfpv3 -mfloat-abi=hard -I../../freertos901_xilinx_bsp_0/ps7_cortexa9_0/include -I"D:\BaiduNetdiskDownload\P10_SD_VGA_m\SD_VGA.sdk\CrossGCC_Lua\src" -MMD -MP -MF"src/echo.d" -MT"src/echo.o" -o "src/echo.o" "../src/echo.c"
In file included from ../src/echo.c:44:0:
../src/echo.c: In function 'process_echo_request':
D:\BaiduNetdiskDownload\P10_SD_VGA_m\SD_VGA.sdk\CrossGCC_Lua\src/lauxlib.h:133:25: warning: value computed is not used [-Wunused-value]
  (luaL_loadstring(L, s) || lua_pcall(L, 0, LUA_MULTRET, 0))
                         ^
../src/echo.c:121:4: note: in expansion of macro 'luaL_dostring'
    luaL_dostring(L,"zynq.print(\"Hello World\\r\\n\")");
    ^~~~~~~~~~~~~
D:\BaiduNetdiskDownload\P10_SD_VGA_m\SD_VGA.sdk\CrossGCC_Lua\src/lauxlib.h:133:25: warning: value computed is not used [-Wunused-value]
  (luaL_loadstring(L, s) || lua_pcall(L, 0, LUA_MULTRET, 0))
                         ^
../src/echo.c:147:7: note: in expansion of macro 'luaL_dostring'
       luaL_dostring(L,recv_buf);
       ^~~~~~~~~~~~~
../src/echo.c:110:8: warning: unused variable 'i' [-Wunused-variable]
    int i=0;
        ^
../src/echo.c:109:8: warning: unused variable 'q' [-Wunused-variable]
    int q=0;
        ^
../src/echo.c:108:9: warning: unused variable 'nwrote' [-Wunused-variable]
  int n, nwrote;
         ^~~~~~
../src/echo.c: In function '_gettimeofday':
../src/echo.c:89:1: warning: control reaches end of non-void function [-Wreturn-type]
 int _gettimeofday(){}
 ^~~
'Finished building: ../src/echo.c'
' '
'Building file: ../src/led_button.c'
'Invoking: ARM v7 gcc compiler'
arm-none-eabi-gcc -Wall -O0 -g3 -I"D:\BaiduNetdiskDownload\P10_SD_VGA_m\SD_VGA.sdk\CrossGCC_Lua\src" -c -fmessage-length=0 -MT"src/led_button.o" -mcpu=cortex-a9 -mfpu=vfpv3 -mfloat-abi=hard -I../../freertos901_xilinx_bsp_0/ps7_cortexa9_0/include -I"D:\BaiduNetdiskDownload\P10_SD_VGA_m\SD_VGA.sdk\CrossGCC_Lua\src" -MMD -MP -MF"src/led_button.d" -MT"src/led_button.o" -o "src/led_button.o" "../src/led_button.c"
../src/led_button.c: In function 'Led_Button_task':
../src/led_button.c:131:3: warning: implicit declaration of function 'vTaskDelay' [-Wimplicit-function-declaration]
   vTaskDelay(5);
   ^~~~~~~~~~
'Finished building: ../src/led_button.c'
' '
'Building file: ../src/main.c'
'Invoking: ARM v7 gcc compiler'
arm-none-eabi-gcc -Wall -O0 -g3 -I"D:\BaiduNetdiskDownload\P10_SD_VGA_m\SD_VGA.sdk\CrossGCC_Lua\src" -c -fmessage-length=0 -MT"src/main.o" -mcpu=cortex-a9 -mfpu=vfpv3 -mfloat-abi=hard -I../../freertos901_xilinx_bsp_0/ps7_cortexa9_0/include -I"D:\BaiduNetdiskDownload\P10_SD_VGA_m\SD_VGA.sdk\CrossGCC_Lua\src" -MMD -MP -MF"src/main.d" -MT"src/main.o" -o "src/main.o" "../src/main.c"
../src/main.c: In function 'main':
../src/main.c:273:34: warning: passing argument 2 of 'sys_thread_new' from incompatible pointer type [-Wincompatible-pointer-types]
     sys_thread_new("Led_Button", Led_Button_task, NULL,
                                  ^~~~~~~~~~~~~~~
In file included from ../../freertos901_xilinx_bsp_0/ps7_cortexa9_0/include/netif/xadapter.h:46:0,
                 from ../src/main.c:60:
../../freertos901_xilinx_bsp_0/ps7_cortexa9_0/include/lwip/sys.h:230:14: note: expected 'lwip_thread_fn {aka void (*)(void *)}' but argument is of type 'int (*)(void)'
 sys_thread_t sys_thread_new(const char *name, lwip_thread_fn thread, void *arg, int stacksize, int prio);
              ^~~~~~~~~~~~~~
../src/main.c:277:31: warning: passing argument 2 of 'sys_thread_new' from incompatible pointer type [-Wincompatible-pointer-types]
     sys_thread_new("sd_test", sd_test_task, NULL,
                               ^~~~~~~~~~~~
In file included from ../../freertos901_xilinx_bsp_0/ps7_cortexa9_0/include/netif/xadapter.h:46:0,
                 from ../src/main.c:60:
../../freertos901_xilinx_bsp_0/ps7_cortexa9_0/include/lwip/sys.h:230:14: note: expected 'lwip_thread_fn {aka void (*)(void *)}' but argument is of type 'int (*)(void)'
 sys_thread_t sys_thread_new(const char *name, lwip_thread_fn thread, void *arg, int stacksize, int prio);
              ^~~~~~~~~~~~~~
'Finished building: ../src/main.c'
' '
'Building file: ../src/platform.c'
'Invoking: ARM v7 gcc compiler'
arm-none-eabi-gcc -Wall -O0 -g3 -I"D:\BaiduNetdiskDownload\P10_SD_VGA_m\SD_VGA.sdk\CrossGCC_Lua\src" -c -fmessage-length=0 -MT"src/platform.o" -mcpu=cortex-a9 -mfpu=vfpv3 -mfloat-abi=hard -I../../freertos901_xilinx_bsp_0/ps7_cortexa9_0/include -I"D:\BaiduNetdiskDownload\P10_SD_VGA_m\SD_VGA.sdk\CrossGCC_Lua\src" -MMD -MP -MF"src/platform.d" -MT"src/platform.o" -o "src/platform.o" "../src/platform.c"
'Finished building: ../src/platform.c'
' '
'Building file: ../src/sd.c'
'Invoking: ARM v7 gcc compiler'
arm-none-eabi-gcc -Wall -O0 -g3 -I"D:\BaiduNetdiskDownload\P10_SD_VGA_m\SD_VGA.sdk\CrossGCC_Lua\src" -c -fmessage-length=0 -MT"src/sd.o" -mcpu=cortex-a9 -mfpu=vfpv3 -mfloat-abi=hard -I../../freertos901_xilinx_bsp_0/ps7_cortexa9_0/include -I"D:\BaiduNetdiskDownload\P10_SD_VGA_m\SD_VGA.sdk\CrossGCC_Lua\src" -MMD -MP -MF"src/sd.d" -MT"src/sd.o" -o "src/sd.o" "../src/sd.c"
../src/sd.c: In function 'sd_test_task':
../src/sd.c:137:3: warning: implicit declaration of function 'vTaskDelete' [-Wimplicit-function-declaration]
   vTaskDelete(NULL);
   ^~~~~~~~~~~
../src/sd.c:125:6: warning: unused variable 'Status' [-Wunused-variable]
  int Status;
      ^~~~~~
'Finished building: ../src/sd.c'
' '
'Building target: SD_VGA.elf'
'Invoking: ARM v7 gcc linker'
arm-none-eabi-gcc -L"D:\BaiduNetdiskDownload\P10_SD_VGA_m\SD_VGA.sdk\CrossGCC_Lua\Debug" -mcpu=cortex-a9 -mfpu=vfpv3 -mfloat-abi=hard -Wl,-build-id=none -specs=Xilinx.spec -Wl,-T -Wl,../src/lscript.ld -L../../freertos901_xilinx_bsp_0/ps7_cortexa9_0/lib -L"D:\BaiduNetdiskDownload\P10_SD_VGA_m\SD_VGA.sdk\CrossGCC_Lua\Debug" -o "SD_VGA.elf"  ./src/I2C_16bit.o ./src/echo.o ./src/led_button.o ./src/main.o ./src/platform.o ./src/sd.o   -lCrossGCC_Lua -lm -Wl,--start-group,-lxil,-lfreertos,-lgcc,-lc,--end-group -Wl,--start-group,-lxil,-llwip4,-lgcc,-lc,--end-group -Wl,--start-group,-lxilffs,-lxil,-lgcc,-lc,--end-group
'Finished building target: SD_VGA.elf'
' '
'Invoking: ARM v7 Print Size'
arm-none-eabi-size SD_VGA.elf  |tee "SD_VGA.elf.size"
   text	   data	    bss	    dec	    hex	filename
 425124	   5616	24172832	24603572	1776bb4	SD_VGA.elf
'Finished building: SD_VGA.elf.size'
' '

21:48:03 Build Finished (took 3s.40ms)

